[0m11:40:33.871493 [debug] [MainThread]: Sending event: {'category': 'dbt', 'action': 'invocation', 'label': 'start', 'context': [<snowplow_tracker.self_describing_json.SelfDescribingJson object at 0x10f6547d0>, <snowplow_tracker.self_describing_json.SelfDescribingJson object at 0x10f66b090>, <snowplow_tracker.self_describing_json.SelfDescribingJson object at 0x10f66be50>]}


============================== 11:40:33.875885 | 0cc1418d-626a-40c3-93db-8dea699c0f73 ==============================
[0m11:40:33.875885 [info ] [MainThread]: Running with dbt=1.10.8
[0m11:40:33.876311 [debug] [MainThread]: running dbt with arguments {'printer_width': '80', 'indirect_selection': 'eager', 'log_cache_events': 'False', 'write_json': 'True', 'partial_parse': 'True', 'cache_selected_only': 'False', 'profiles_dir': '/Users/gel/.dbt', 'version_check': 'True', 'warn_error': 'None', 'log_path': 'logs', 'fail_fast': 'False', 'debug': 'False', 'use_colors': 'True', 'use_experimental_parser': 'False', 'empty': 'None', 'quiet': 'False', 'no_print': 'None', 'warn_error_options': 'WarnErrorOptionsV2(error=[], warn=[], silence=[])', 'static_parser': 'True', 'log_format': 'default', 'invocation_command': 'dbt init my_dbt_test', 'target_path': 'None', 'introspect': 'True', 'send_anonymous_usage_stats': 'True'}
[0m11:40:33.891833 [info ] [MainThread]: Creating dbt configuration folder at /Users/gel/.dbt
[0m11:40:33.894257 [debug] [MainThread]: Starter project path: /opt/anaconda3/envs/elt/lib/python3.11/site-packages/dbt/include/starter_project
[0m11:40:33.903713 [info ] [MainThread]: 
Your new dbt project "my_dbt_test" was created!

For more information on how to configure the profiles.yml file,
please consult the dbt documentation here:

  https://docs.getdbt.com/docs/configure-your-profile

One more thing:

Need help? Don't hesitate to reach out to us via GitHub issues or on Slack:

  https://community.getdbt.com/

Happy modeling!

[0m11:40:33.904082 [info ] [MainThread]: Setting up your profile.
[0m11:41:32.171989 [error] [MainThread]: Encountered an error:
dlopen(/opt/anaconda3/envs/elt/lib/python3.11/site-packages/grpc/_cython/cygrpc.cpython-311-darwin.so, 0x0002): Symbol not found: __ZN4absl12lts_2025012712log_internal10LogMessagelsIiTnNSt3__19enable_ifIXntsr4absl16HasAbslStringifyIT_EE5valueEiE4typeELi0EEERS2_RKS6_
  Referenced from: <07AD6972-A71C-3DD7-B8DA-803E46EF64F0> /opt/anaconda3/envs/elt/lib/libgpr.46.0.0.dylib
  Expected in:     <35FB928A-2D13-39BB-82C2-48D6EB027718> /opt/anaconda3/envs/elt/lib/libabsl_log_internal_message.2501.0.0.dylib
[0m11:41:32.178470 [error] [MainThread]: Traceback (most recent call last):
  File "/opt/anaconda3/envs/elt/lib/python3.11/site-packages/dbt/cli/requires.py", line 178, in wrapper
    result, success = func(*args, **kwargs)
                      ^^^^^^^^^^^^^^^^^^^^^
  File "/opt/anaconda3/envs/elt/lib/python3.11/site-packages/dbt/cli/requires.py", line 128, in wrapper
    return func(*args, **kwargs)
           ^^^^^^^^^^^^^^^^^^^^^
  File "/opt/anaconda3/envs/elt/lib/python3.11/site-packages/dbt/cli/main.py", line 483, in init
    results = task.run()
              ^^^^^^^^^^
  File "/opt/anaconda3/envs/elt/lib/python3.11/site-packages/dbt/task/init.py", line 346, in run
    self.setup_profile(profile_name)
  File "/opt/anaconda3/envs/elt/lib/python3.11/site-packages/dbt/task/init.py", line 262, in setup_profile
    self.create_profile_from_target(adapter, profile_name=profile_name)
  File "/opt/anaconda3/envs/elt/lib/python3.11/site-packages/dbt/task/init.py", line 172, in create_profile_from_target
    load_plugin(adapter)
  File "/opt/anaconda3/envs/elt/lib/python3.11/site-packages/dbt/adapters/factory.py", line 239, in load_plugin
    return FACTORY.load_plugin(name)
           ^^^^^^^^^^^^^^^^^^^^^^^^^
  File "/opt/anaconda3/envs/elt/lib/python3.11/site-packages/dbt/adapters/factory.py", line 68, in load_plugin
    mod: Any = import_module("." + name, "dbt.adapters")
               ^^^^^^^^^^^^^^^^^^^^^^^^^^^^^^^^^^^^^^^^^
  File "/opt/anaconda3/envs/elt/lib/python3.11/importlib/__init__.py", line 126, in import_module
    return _bootstrap._gcd_import(name[level:], package, level)
           ^^^^^^^^^^^^^^^^^^^^^^^^^^^^^^^^^^^^^^^^^^^^^^^^^^^^
  File "<frozen importlib._bootstrap>", line 1204, in _gcd_import
  File "<frozen importlib._bootstrap>", line 1176, in _find_and_load
  File "<frozen importlib._bootstrap>", line 1147, in _find_and_load_unlocked
  File "<frozen importlib._bootstrap>", line 690, in _load_unlocked
  File "<frozen importlib._bootstrap_external>", line 940, in exec_module
  File "<frozen importlib._bootstrap>", line 241, in _call_with_frames_removed
  File "/opt/anaconda3/envs/elt/lib/python3.11/site-packages/dbt/adapters/bigquery/__init__.py", line 2, in <module>
    from dbt.adapters.bigquery.connections import BigQueryConnectionManager
  File "/opt/anaconda3/envs/elt/lib/python3.11/site-packages/dbt/adapters/bigquery/connections.py", line 39, in <module>
    from dbt.adapters.bigquery.clients import create_bigquery_client
  File "/opt/anaconda3/envs/elt/lib/python3.11/site-packages/dbt/adapters/bigquery/clients.py", line 6, in <module>
    from google.cloud import aiplatform_v1
  File "/opt/anaconda3/envs/elt/lib/python3.11/site-packages/google/cloud/aiplatform_v1/__init__.py", line 31, in <module>
    from .services.data_foundry_service import DataFoundryServiceClient
  File "/opt/anaconda3/envs/elt/lib/python3.11/site-packages/google/cloud/aiplatform_v1/services/data_foundry_service/__init__.py", line 16, in <module>
    from .client import DataFoundryServiceClient
  File "/opt/anaconda3/envs/elt/lib/python3.11/site-packages/google/cloud/aiplatform_v1/services/data_foundry_service/client.py", line 41, in <module>
    from google.api_core import gapic_v1
  File "/opt/anaconda3/envs/elt/lib/python3.11/site-packages/google/api_core/gapic_v1/__init__.py", line 16, in <module>
    from google.api_core.gapic_v1 import config
  File "/opt/anaconda3/envs/elt/lib/python3.11/site-packages/google/api_core/gapic_v1/config.py", line 23, in <module>
    import grpc
  File "/opt/anaconda3/envs/elt/lib/python3.11/site-packages/grpc/__init__.py", line 22, in <module>
    from grpc import _compression
  File "/opt/anaconda3/envs/elt/lib/python3.11/site-packages/grpc/_compression.py", line 20, in <module>
    from grpc._cython import cygrpc
ImportError: dlopen(/opt/anaconda3/envs/elt/lib/python3.11/site-packages/grpc/_cython/cygrpc.cpython-311-darwin.so, 0x0002): Symbol not found: __ZN4absl12lts_2025012712log_internal10LogMessagelsIiTnNSt3__19enable_ifIXntsr4absl16HasAbslStringifyIT_EE5valueEiE4typeELi0EEERS2_RKS6_
  Referenced from: <07AD6972-A71C-3DD7-B8DA-803E46EF64F0> /opt/anaconda3/envs/elt/lib/libgpr.46.0.0.dylib
  Expected in:     <35FB928A-2D13-39BB-82C2-48D6EB027718> /opt/anaconda3/envs/elt/lib/libabsl_log_internal_message.2501.0.0.dylib

[0m11:41:32.179137 [debug] [MainThread]: Resource report: {"command_name": "init", "command_success": false, "command_wall_clock_time": 58.37563, "process_in_blocks": "0", "process_kernel_time": 0.376932, "process_mem_max_rss": "177766400", "process_out_blocks": "0", "process_user_time": 4.05076}
[0m11:41:32.179569 [debug] [MainThread]: Command `dbt init` failed at 11:41:32.179506 after 58.38 seconds
[0m11:41:32.179890 [debug] [MainThread]: Sending event: {'category': 'dbt', 'action': 'invocation', 'label': 'end', 'context': [<snowplow_tracker.self_describing_json.SelfDescribingJson object at 0x10f5cbe90>, <snowplow_tracker.self_describing_json.SelfDescribingJson object at 0x10f654a50>, <snowplow_tracker.self_describing_json.SelfDescribingJson object at 0x10f655f50>]}
[0m11:41:32.180113 [debug] [MainThread]: Flushing usage events
[0m11:41:33.356280 [debug] [MainThread]: An error was encountered while trying to flush usage events
[0m11:45:01.762779 [debug] [MainThread]: Sending event: {'category': 'dbt', 'action': 'invocation', 'label': 'start', 'context': [<snowplow_tracker.self_describing_json.SelfDescribingJson object at 0x113658790>, <snowplow_tracker.self_describing_json.SelfDescribingJson object at 0x11365af50>, <snowplow_tracker.self_describing_json.SelfDescribingJson object at 0x1136738d0>]}


============================== 11:45:01.766175 | e700bb30-35ee-43ac-b6da-6c1989c51fca ==============================
[0m11:45:01.766175 [info ] [MainThread]: Running with dbt=1.10.8
[0m11:45:01.766590 [debug] [MainThread]: running dbt with arguments {'printer_width': '80', 'indirect_selection': 'eager', 'write_json': 'True', 'log_cache_events': 'False', 'partial_parse': 'True', 'cache_selected_only': 'False', 'warn_error': 'None', 'debug': 'False', 'fail_fast': 'False', 'log_path': 'logs', 'profiles_dir': '/Users/gel/.dbt', 'version_check': 'True', 'use_colors': 'True', 'use_experimental_parser': 'False', 'empty': 'None', 'quiet': 'False', 'no_print': 'None', 'warn_error_options': 'WarnErrorOptionsV2(error=[], warn=[], silence=[])', 'invocation_command': 'dbt init my_dbt_test', 'static_parser': 'True', 'introspect': 'True', 'target_path': 'None', 'log_format': 'default', 'send_anonymous_usage_stats': 'True'}
[0m11:45:01.775516 [info ] [MainThread]: A project called my_dbt_test already exists here.
[0m11:45:01.777619 [debug] [MainThread]: Resource report: {"command_name": "init", "command_success": true, "command_wall_clock_time": 0.07828433, "process_in_blocks": "0", "process_kernel_time": 0.174446, "process_mem_max_rss": "108363776", "process_out_blocks": "0", "process_user_time": 0.714287}
[0m11:45:01.777933 [debug] [MainThread]: Command `dbt init` succeeded at 11:45:01.777870 after 0.08 seconds
[0m11:45:01.778199 [debug] [MainThread]: Sending event: {'category': 'dbt', 'action': 'invocation', 'label': 'end', 'context': [<snowplow_tracker.self_describing_json.SelfDescribingJson object at 0x113673890>, <snowplow_tracker.self_describing_json.SelfDescribingJson object at 0x113673b50>, <snowplow_tracker.self_describing_json.SelfDescribingJson object at 0x10dd35250>]}
[0m11:45:01.778489 [debug] [MainThread]: Flushing usage events
[0m11:45:02.812285 [debug] [MainThread]: An error was encountered while trying to flush usage events
